// Vitest Snapshot v1, https://vitest.dev/guide/snapshot.html

exports[`arktype > basic 1`] = `
{
  "components": {},
  "info": {
    "description": "Development documentation",
    "title": "Hono Documentation",
    "version": "0.0.0",
  },
  "openapi": "3.1.0",
  "paths": {
    "/": {
      "get": {
        "description": "This is a test route",
        "operationId": "GETIndex",
        "requestBody": {
          "content": {
            "application/json": {
              "schema": {
                "properties": {
                  "message": {
                    "type": "string",
                  },
                },
                "required": [
                  "message",
                ],
                "type": "object",
              },
            },
          },
        },
        "responses": {
          "200": {
            "content": {
              "application/json": {
                "schema": {
                  "properties": {
                    "message": {
                      "type": "string",
                    },
                  },
                  "required": [
                    "message",
                  ],
                  "type": "object",
                },
              },
            },
            "description": "Success",
          },
        },
        "summary": "Test route",
        "tags": [
          "test",
        ],
      },
    },
  },
  "tags": undefined,
}
`;

exports[`arktype > with metadata 1`] = `
{
  "components": {
    "schemas": {
      "SuccessResponse": {
        "properties": {
          "message": {
            "type": "string",
          },
        },
        "required": [
          "message",
        ],
        "type": "object",
      },
    },
  },
  "info": {
    "description": "Development documentation",
    "title": "Hono Documentation",
    "version": "0.0.0",
  },
  "openapi": "3.1.0",
  "paths": {
    "/": {
      "get": {
        "description": "This is a test route",
        "operationId": "GETIndex",
        "requestBody": {
          "content": {
            "application/json": {
              "schema": {
                "properties": {
                  "message": {
                    "type": "string",
                  },
                },
                "required": [
                  "message",
                ],
                "type": "object",
              },
            },
          },
        },
        "responses": {
          "200": {
            "content": {
              "application/json": {
                "schema": {
                  "$ref": "#/components/schemas/SuccessResponse",
                },
              },
            },
            "description": "Success",
          },
        },
        "summary": "Test route",
        "tags": [
          "test",
        ],
      },
    },
  },
  "tags": undefined,
}
`;
