// Vitest Snapshot v1, https://vitest.dev/guide/snapshot.html

exports[`basic > hide with a boolean value 1`] = `
{
  "components": {},
  "info": {
    "description": "Development documentation",
    "title": "Hono Documentation",
    "version": "0.0.0",
  },
  "openapi": "3.1.0",
  "paths": {
    "/": {
      "get": undefined,
    },
  },
  "tags": undefined,
}
`;

exports[`basic > hide with a function 1`] = `
{
  "components": {},
  "info": {
    "description": "Development documentation",
    "title": "Hono Documentation",
    "version": "0.0.0",
  },
  "openapi": "3.1.0",
  "paths": {
    "/": {
      "get": undefined,
    },
  },
  "tags": undefined,
}
`;
