// Vitest Snapshot v1, https://vitest.dev/guide/snapshot.html

exports[`zod > basic 1`] = `
{
  "components": {
    "schemas": {},
  },
  "info": {
    "description": "Development documentation",
    "title": "Hono Documentation",
    "version": "0.0.0",
  },
  "openapi": "3.1.0",
  "paths": {
    "/": {
      "get": {
        "description": "This is a test route",
        "operationId": "GETIndex",
        "parameters": [],
        "properties": {
          "message": {
            "type": "string",
          },
        },
        "required": [
          "message",
        ],
        "responses": {
          "200": {
            "content": {
              "application/json": {
                "schema": {
                  "toJSONSchema": [Function],
                  "toOpenAPISchema": [Function],
                  "validate": [Function],
                  "vendor": "zod",
                },
              },
            },
            "description": "Success",
          },
        },
        "summary": "Test route",
        "tags": [
          "test",
        ],
        "type": "object",
      },
    },
  },
  "tags": undefined,
}
`;
